Level 1 cache: sets: 16, lines 1, block size: 16
Level 2 cache: sets: 32, lines 2, block size: 16
Level 3 cache: sets: 64, lines 4, block size: 16
Cache L3 miss @ 0x0016
Cache L2 miss @ 0x0016
Cache L1 miss @ 0x0016
Stored word: 0x4d2
Cache L1 hit @ 0x0016
Loaded word: 0x4d2
Cache L3 miss @ 0x0030
Cache L2 miss @ 0x0030
Cache L1 miss @ 0x0030
Stored word: 0xd80
Cache L1 hit @ 0x0030
Loaded word: 0xd80
Cache L3 miss @ 0x0046
Cache L2 miss @ 0x0046
Cache L1 miss @ 0x0046
Stored word: 0x11d7
Cache L1 hit @ 0x0046
Loaded word: 0x11d7
Cache L3 miss @ 0x1016
Cache L2 miss @ 0x1016
Cache L1 miss @ 0x1016
Stored word: 0x162e
Cache L1 hit @ 0x1016
Loaded word: 0x162e
Cache L2 hit @ 0x0016
Cache L1 miss @ 0x0016
Loaded word: 0x4d2
Cache L2 hit @ 0x1016
Cache L1 miss @ 0x1016
Loaded word: 0x162e
Cache L3 miss @ 0x0816
Cache L2 miss @ 0x0816
Cache L1 miss @ 0x0816
Stored word: 0x1a85
Cache L1 hit @ 0x0816
Loaded word: 0x1a85
Cache L2 hit @ 0x1016
Cache L1 miss @ 0x1016
Loaded word: 0x162e
Cache L3 hit @ 0x0016
Cache L2 miss @ 0x0016
Cache L1 miss @ 0x0016
Loaded word: 0x4d2
Cache: L1, hits: 5, misses: 9
Cache: L2, hits: 3, misses: 6
Cache: L3, hits: 1, misses: 5
