Level 1 cache: sets: 64, lines 1, block size: 64
Cache L1 miss @ 0x0016
Stored word: 0x4d2
Cache L1 hit @ 0x0016
Loaded word: 0x4d2
Cache L1 hit @ 0x0030
Stored word: 0xd80
Cache L1 hit @ 0x0030
Loaded word: 0xd80
Cache L1 miss @ 0x0046
Stored word: 0x11d7
Cache L1 hit @ 0x0046
Loaded word: 0x11d7
Cache L1 miss @ 0x1016
Stored word: 0x162e
Cache L1 hit @ 0x1016
Loaded word: 0x162e
Cache L1 miss @ 0x0016
Loaded word: 0x4d2
Cache L1 miss @ 0x1016
Loaded word: 0x162e
Cache: L1, hits: 5, misses: 5
