Line 1, integer 1: 123
Line 2, integer 1: 1234
Line 3, integer 1: 12345678
