Line 2, integer 1: 0
Line 3, integer 1: -1
Line 4, integer 1: 1
Line 5, integer 1: -2
Line 6, integer 1: 3
Line 7, integer 1: -4
Line 8, integer 1: 123
Line 9, integer 1: 1234
Line 10, integer 1: 12345678
Line 11, integer 1: 1073741823
Line 12, integer 1: -1073741823
