Line 1, integer 1: 1
Line 1, integer 2: -2
Line 1, integer 3: 3
Line 1, integer 4: -4
