Line 1, integer 1: 0
Line 1, integer 2: -1
Line 2, integer 1: 1
Line 2, integer 2: -2
Line 2, integer 3: 3
Line 2, integer 4: -4
Line 3, integer 1: 123
Line 3, integer 2: 1234
Line 3, integer 3: 12345678
Line 4, integer 1: 1073741823
Line 4, integer 2: -1073741823
