Line 1, integer 1: 123
Line 1, integer 2: 1234
Line 1, integer 3: 12345678
