Line 1, integer 1: 1073741823
Line 1, integer 2: -1073741823
