Line 1, integer 1: 1073741823
Line 2, integer 1: -1073741823
