YEARBOOK : A B E K O R Y ; 4
WORKLOAD : A D K L O R W ; 5
