YEARBOOK : A B E K O R Y 
WORKLOAD : A D K L O R W 
