[ ]
[ alpha ]
[ alpha beta ]
[ alpha beta gamma ]
[ alpha beta gamma ]
Next: alpha
[ alpha beta gamma ]
Added: 'delta'
[ alpha delta beta gamma ]
