[ ]
[ ]
[ alpha ]
Next: alpha
[ alpha ]
[ alpha beta ]
Next: beta
[ alpha beta ]
[ alpha beta gamma ]
Next: gamma
[ alpha beta gamma ]
Removed: 'gamma'
[ alpha beta ]
