[ ]
[ alpha ]
[ alpha beta ]
[ alpha beta gamma ]
[ alpha beta gamma ]
Next: alpha
[ alpha beta gamma ]
Next: beta
[ alpha beta gamma ]
Next: gamma
[ alpha beta gamma ]
