Entering room Charlie.
Entering room Delta.
Entering room Alpha.
Entering room Bravo.
Entering room Charlie.
Entering room Delta.
Ended in room Delta.
