Entering room Alpha.
Oops: Cannot find room Tango.
