Entering room Alpha.
Entering room Charlie.
Entering room Delta.
Entering room Bravo.
Entering room Alpha.
Entering room Bravo.
Ended in room Bravo.
