Entering room Alpha.
Entering room Bravo.
Entering room Charlie.
Entering room Delta.
Entering room Echo.
Entering room Foxtrot.
Ended in room Foxtrot.
