Oops: Cannot find room Golf.
Oops: Cannot find room Hotel.
Entering room Alpha.
Entering room Charlie.
Oops: Room Charlie does not connect to room Delta.
