Oops: Cannot find room Sierra.
Oops: Cannot find room Romeo.
Oops: Cannot find room Quebec.
Oops: Cannot find room Zulu.
Entering room Alpha.
Ended in room Alpha.
