Entering room Alpha.
Oops: Room Alpha does not connect to room Bravo.
