Entering room Alpha.
Entering room Bravo.
Ended in room Bravo.
