Entering room Alpha.
Entering room Bravo.
Entering room Alpha.
Entering room Bravo.
Entering room Alpha.
Ended in room Alpha.
