Entering room Alpha.
Entering room Charlie.
Entering room Delta.
Entering room Foxtrot.
Entering room Echo.
Ended in room Echo.
